[30-Mar-2026 15:40:20 UTC] PHP Warning:  preg_replace(): The /e modifier is no longer supported, use preg_replace_callback instead in /var/www/html/libs/Smarty_Compiler.class.php on line 270
[30-Mar-2026 15:42:55 UTC] PHP Fatal error:  Uncaught  --> Smarty Compiler: Syntax error in template "file:/var/www/html/templates/login.tpl"  on line 1 "{include file=header.tpl}"  - Unexpected ".", expected one of: "}" <-- 
  thrown in /var/www/html/libs/sysplugins/smarty_internal_templatecompilerbase.php on line 1
[30-Mar-2026 15:45:58 UTC] PHP Fatal error:  Uncaught  --> Smarty Compiler: Syntax error in template "file:/var/www/html/templates/forgot-password.tpl"  on line 1 "{include file=header.tpl}"  - Unexpected ".", expected one of: "}" <-- 
  thrown in /var/www/html/libs/sysplugins/smarty_internal_templatecompilerbase.php on line 1
[31-Mar-2026 09:48:02 UTC] PHP Fatal error:  Uncaught  --> Smarty Compiler: Syntax error in template "file:/var/www/html/templates/forgot-password.tpl"  on line 1 "{include file=header.tpl}"  - Unexpected ".", expected one of: "}" <-- 
  thrown in /var/www/html/libs/sysplugins/smarty_internal_templatecompilerbase.php on line 1
[31-Mar-2026 09:48:30 UTC] PHP Fatal error:  Uncaught  --> Smarty Compiler: Syntax error in template "file:/var/www/html/templates/forgot-password.tpl"  on line 1 "{include file=header.tpl}"  - Unexpected ".", expected one of: "}" <-- 
  thrown in /var/www/html/libs/sysplugins/smarty_internal_templatecompilerbase.php on line 1
[31-Mar-2026 09:58:02 UTC] PHP Warning:  count(): Parameter must be an array or an object that implements Countable in /var/www/html/index.php on line 14
[31-Mar-2026 09:58:02 UTC] PHP Fatal error:  Uncaught Error: Call to undefined function mysql_query() in /var/www/html/index.php:92
Stack trace:
#0 {main}
  thrown in /var/www/html/index.php on line 92
[31-Mar-2026 10:00:17 UTC] PHP Warning:  mysqli_query() expects at least 2 parameters, 1 given in /var/www/html/index.php on line 99
[31-Mar-2026 10:03:00 UTC] PHP Warning:  mysqli_query() expects parameter 1 to be mysqli, null given in /var/www/html/index.php on line 108
[31-Mar-2026 10:03:10 UTC] PHP Warning:  mysqli_query() expects parameter 1 to be mysqli, null given in /var/www/html/index.php on line 108
[31-Mar-2026 10:08:47 UTC] PHP Warning:  mysqli_query() expects parameter 1 to be mysqli, null given in /var/www/html/index.php on line 97
[31-Mar-2026 10:18:09 UTC] PHP Warning:  mysqli_query() expects parameter 1 to be mysqli, null given in /var/www/html/index.php on line 108
[31-Mar-2026 10:19:25 UTC] PHP Warning:  mysqli_query() expects parameter 1 to be mysqli, null given in /var/www/html/index.php on line 108
[31-Mar-2026 10:30:50 UTC] PHP Fatal error:  Uncaught Error: Call to undefined function mysql_query() in /var/www/html/login.php:105
Stack trace:
#0 {main}
  thrown in /var/www/html/login.php on line 105
[31-Mar-2026 10:31:46 UTC] PHP Warning:  mysqli_query() expects parameter 1 to be mysqli, null given in /var/www/html/login.php on line 106
[31-Mar-2026 10:50:31 UTC] PHP Warning:  require_once(/home/automark/public_html/customer/yousendit/sample/include/RestTransport.php): failed to open stream: No such file or directory in /var/www/html/yousendit/sample/Authentication.php on line 14
[31-Mar-2026 10:50:31 UTC] PHP Fatal error:  require_once(): Failed opening required '/home/automark/public_html/customer/yousendit/sample/include/RestTransport.php' (include_path='.:/usr/local/lib/php') in /var/www/html/yousendit/sample/Authentication.php on line 14
[31-Mar-2026 10:53:48 UTC] PHP Warning:  Invalid argument supplied for foreach() in /var/www/html/includes/menu_items.php on line 207
[31-Mar-2026 10:53:48 UTC] PHP Fatal error:  Uncaught  --> Smarty Compiler: Syntax error in template "file:/var/www/html/templates/dashboard.tpl"  on line 1 "{include file=header.tpl}"  - Unexpected ".", expected one of: "}" <-- 
  thrown in /var/www/html/libs/sysplugins/smarty_internal_templatecompilerbase.php on line 1
[31-Mar-2026 10:55:43 UTC] PHP Warning:  Invalid argument supplied for foreach() in /var/www/html/includes/menu_items.php on line 207
[31-Mar-2026 10:57:54 UTC] PHP Warning:  Invalid argument supplied for foreach() in /var/www/html/includes/menu_items.php on line 207
[31-Mar-2026 10:58:57 UTC] PHP Warning:  Invalid argument supplied for foreach() in /var/www/html/includes/menu_items.php on line 207
[31-Mar-2026 11:07:48 UTC] PHP Warning:  mysqli_query() expects parameter 1 to be mysqli, null given in /var/www/html/index.php on line 109
[31-Mar-2026 11:08:05 UTC] PHP Warning:  Use of undefined constant cnt - assumed 'cnt' (this will throw an Error in a future version of PHP) in /var/www/html/class/general_class.php on line 28
[31-Mar-2026 11:08:05 UTC] PHP Warning:  Use of undefined constant cnt - assumed 'cnt' (this will throw an Error in a future version of PHP) in /var/www/html/class/general_class.php on line 28
[31-Mar-2026 11:08:05 UTC] PHP Warning:  Use of undefined constant cnt - assumed 'cnt' (this will throw an Error in a future version of PHP) in /var/www/html/class/general_class.php on line 28
[31-Mar-2026 11:08:05 UTC] PHP Warning:  Use of undefined constant cnt - assumed 'cnt' (this will throw an Error in a future version of PHP) in /var/www/html/class/general_class.php on line 28
[31-Mar-2026 11:08:06 UTC] PHP Warning:  Use of undefined constant cnt - assumed 'cnt' (this will throw an Error in a future version of PHP) in /var/www/html/class/general_class.php on line 28
[31-Mar-2026 11:08:06 UTC] PHP Warning:  Use of undefined constant cnt - assumed 'cnt' (this will throw an Error in a future version of PHP) in /var/www/html/class/general_class.php on line 28
[31-Mar-2026 11:08:06 UTC] PHP Warning:  Use of undefined constant cnt - assumed 'cnt' (this will throw an Error in a future version of PHP) in /var/www/html/class/general_class.php on line 28
[31-Mar-2026 11:08:06 UTC] PHP Warning:  Use of undefined constant cnt - assumed 'cnt' (this will throw an Error in a future version of PHP) in /var/www/html/class/general_class.php on line 28
[31-Mar-2026 11:08:06 UTC] PHP Warning:  Use of undefined constant cnt - assumed 'cnt' (this will throw an Error in a future version of PHP) in /var/www/html/class/general_class.php on line 28
[31-Mar-2026 11:08:06 UTC] PHP Warning:  Use of undefined constant cnt - assumed 'cnt' (this will throw an Error in a future version of PHP) in /var/www/html/class/general_class.php on line 28
[31-Mar-2026 11:08:06 UTC] PHP Warning:  Use of undefined constant cnt - assumed 'cnt' (this will throw an Error in a future version of PHP) in /var/www/html/class/general_class.php on line 28
[31-Mar-2026 11:08:06 UTC] PHP Warning:  Use of undefined constant cnt - assumed 'cnt' (this will throw an Error in a future version of PHP) in /var/www/html/class/general_class.php on line 28
[31-Mar-2026 11:08:06 UTC] PHP Warning:  Use of undefined constant cnt - assumed 'cnt' (this will throw an Error in a future version of PHP) in /var/www/html/class/general_class.php on line 28
[31-Mar-2026 11:08:06 UTC] PHP Warning:  Use of undefined constant cnt - assumed 'cnt' (this will throw an Error in a future version of PHP) in /var/www/html/class/general_class.php on line 28
[31-Mar-2026 11:08:06 UTC] PHP Warning:  Use of undefined constant cnt - assumed 'cnt' (this will throw an Error in a future version of PHP) in /var/www/html/class/general_class.php on line 28
[31-Mar-2026 11:08:06 UTC] PHP Warning:  Use of undefined constant cnt - assumed 'cnt' (this will throw an Error in a future version of PHP) in /var/www/html/class/general_class.php on line 28
[31-Mar-2026 11:08:06 UTC] PHP Warning:  Use of undefined constant cnt - assumed 'cnt' (this will throw an Error in a future version of PHP) in /var/www/html/class/general_class.php on line 28
[31-Mar-2026 11:08:06 UTC] PHP Warning:  Use of undefined constant cnt - assumed 'cnt' (this will throw an Error in a future version of PHP) in /var/www/html/class/general_class.php on line 28
[31-Mar-2026 11:08:06 UTC] PHP Warning:  Use of undefined constant cnt - assumed 'cnt' (this will throw an Error in a future version of PHP) in /var/www/html/class/general_class.php on line 28
[31-Mar-2026 11:08:06 UTC] PHP Warning:  Use of undefined constant cnt - assumed 'cnt' (this will throw an Error in a future version of PHP) in /var/www/html/class/general_class.php on line 28
[31-Mar-2026 11:08:06 UTC] PHP Warning:  Use of undefined constant cnt - assumed 'cnt' (this will throw an Error in a future version of PHP) in /var/www/html/class/general_class.php on line 28
[31-Mar-2026 11:08:06 UTC] PHP Warning:  Use of undefined constant cnt - assumed 'cnt' (this will throw an Error in a future version of PHP) in /var/www/html/class/general_class.php on line 28
[31-Mar-2026 11:08:06 UTC] PHP Warning:  Use of undefined constant cnt - assumed 'cnt' (this will throw an Error in a future version of PHP) in /var/www/html/class/general_class.php on line 28
[31-Mar-2026 11:08:06 UTC] PHP Warning:  Use of undefined constant cnt - assumed 'cnt' (this will throw an Error in a future version of PHP) in /var/www/html/class/general_class.php on line 28
[31-Mar-2026 11:08:06 UTC] PHP Warning:  Use of undefined constant cnt - assumed 'cnt' (this will throw an Error in a future version of PHP) in /var/www/html/class/general_class.php on line 28
[31-Mar-2026 11:08:06 UTC] PHP Warning:  Use of undefined constant cnt - assumed 'cnt' (this will throw an Error in a future version of PHP) in /var/www/html/class/general_class.php on line 28
[31-Mar-2026 11:08:06 UTC] PHP Warning:  Use of undefined constant cnt - assumed 'cnt' (this will throw an Error in a future version of PHP) in /var/www/html/class/general_class.php on line 28
[31-Mar-2026 11:08:06 UTC] PHP Warning:  Use of undefined constant cnt - assumed 'cnt' (this will throw an Error in a future version of PHP) in /var/www/html/class/general_class.php on line 28
[31-Mar-2026 11:08:06 UTC] PHP Warning:  Use of undefined constant cnt - assumed 'cnt' (this will throw an Error in a future version of PHP) in /var/www/html/class/general_class.php on line 28
[31-Mar-2026 11:08:06 UTC] PHP Warning:  Use of undefined constant cnt - assumed 'cnt' (this will throw an Error in a future version of PHP) in /var/www/html/class/general_class.php on line 28
[31-Mar-2026 11:08:06 UTC] PHP Warning:  Use of undefined constant cnt - assumed 'cnt' (this will throw an Error in a future version of PHP) in /var/www/html/class/general_class.php on line 28
[31-Mar-2026 11:08:07 UTC] PHP Warning:  Use of undefined constant cnt - assumed 'cnt' (this will throw an Error in a future version of PHP) in /var/www/html/class/general_class.php on line 28
[31-Mar-2026 11:08:07 UTC] PHP Warning:  Use of undefined constant cnt - assumed 'cnt' (this will throw an Error in a future version of PHP) in /var/www/html/class/general_class.php on line 28
[31-Mar-2026 11:08:07 UTC] PHP Warning:  Use of undefined constant cnt - assumed 'cnt' (this will throw an Error in a future version of PHP) in /var/www/html/class/general_class.php on line 28
[31-Mar-2026 11:08:07 UTC] PHP Warning:  Use of undefined constant cnt - assumed 'cnt' (this will throw an Error in a future version of PHP) in /var/www/html/class/general_class.php on line 28
[31-Mar-2026 11:08:07 UTC] PHP Warning:  Use of undefined constant cnt - assumed 'cnt' (this will throw an Error in a future version of PHP) in /var/www/html/class/general_class.php on line 28
[31-Mar-2026 11:08:07 UTC] PHP Warning:  Use of undefined constant cnt - assumed 'cnt' (this will throw an Error in a future version of PHP) in /var/www/html/class/general_class.php on line 28
[31-Mar-2026 11:08:07 UTC] PHP Warning:  Use of undefined constant cnt - assumed 'cnt' (this will throw an Error in a future version of PHP) in /var/www/html/class/general_class.php on line 28
[31-Mar-2026 11:08:07 UTC] PHP Warning:  Use of undefined constant cnt - assumed 'cnt' (this will throw an Error in a future version of PHP) in /var/www/html/class/general_class.php on line 28
[31-Mar-2026 11:08:07 UTC] PHP Warning:  Use of undefined constant cnt - assumed 'cnt' (this will throw an Error in a future version of PHP) in /var/www/html/class/general_class.php on line 28
[31-Mar-2026 11:08:07 UTC] PHP Warning:  Use of undefined constant cnt - assumed 'cnt' (this will throw an Error in a future version of PHP) in /var/www/html/class/general_class.php on line 28
[31-Mar-2026 11:08:07 UTC] PHP Warning:  Use of undefined constant cnt - assumed 'cnt' (this will throw an Error in a future version of PHP) in /var/www/html/class/general_class.php on line 28
[31-Mar-2026 11:08:07 UTC] PHP Warning:  Use of undefined constant cnt - assumed 'cnt' (this will throw an Error in a future version of PHP) in /var/www/html/class/general_class.php on line 28
[31-Mar-2026 11:08:07 UTC] PHP Warning:  Use of undefined constant cnt - assumed 'cnt' (this will throw an Error in a future version of PHP) in /var/www/html/class/general_class.php on line 28
[31-Mar-2026 11:08:07 UTC] PHP Warning:  Use of undefined constant cnt - assumed 'cnt' (this will throw an Error in a future version of PHP) in /var/www/html/class/general_class.php on line 28
[31-Mar-2026 11:08:07 UTC] PHP Warning:  Use of undefined constant cnt - assumed 'cnt' (this will throw an Error in a future version of PHP) in /var/www/html/class/general_class.php on line 28
[31-Mar-2026 11:08:07 UTC] PHP Warning:  Use of undefined constant cnt - assumed 'cnt' (this will throw an Error in a future version of PHP) in /var/www/html/class/general_class.php on line 28
[31-Mar-2026 11:09:12 UTC] PHP Warning:  Use of undefined constant cnt - assumed 'cnt' (this will throw an Error in a future version of PHP) in /var/www/html/class/general_class.php on line 28
[31-Mar-2026 11:10:13 UTC] PHP Warning:  Use of undefined constant cnt - assumed 'cnt' (this will throw an Error in a future version of PHP) in /var/www/html/class/general_class.php on line 28
[31-Mar-2026 11:10:31 UTC] PHP Warning:  Use of undefined constant cnt - assumed 'cnt' (this will throw an Error in a future version of PHP) in /var/www/html/class/general_class.php on line 28
[31-Mar-2026 11:10:31 UTC] PHP Warning:  Use of undefined constant cnt - assumed 'cnt' (this will throw an Error in a future version of PHP) in /var/www/html/class/general_class.php on line 28
[31-Mar-2026 11:10:32 UTC] PHP Warning:  Use of undefined constant cnt - assumed 'cnt' (this will throw an Error in a future version of PHP) in /var/www/html/class/general_class.php on line 28
[31-Mar-2026 11:10:32 UTC] PHP Warning:  Use of undefined constant cnt - assumed 'cnt' (this will throw an Error in a future version of PHP) in /var/www/html/class/general_class.php on line 28
[31-Mar-2026 11:10:32 UTC] PHP Warning:  Use of undefined constant cnt - assumed 'cnt' (this will throw an Error in a future version of PHP) in /var/www/html/class/general_class.php on line 28
[31-Mar-2026 11:10:32 UTC] PHP Warning:  Use of undefined constant cnt - assumed 'cnt' (this will throw an Error in a future version of PHP) in /var/www/html/class/general_class.php on line 28
[31-Mar-2026 11:10:32 UTC] PHP Warning:  Use of undefined constant cnt - assumed 'cnt' (this will throw an Error in a future version of PHP) in /var/www/html/class/general_class.php on line 28
[31-Mar-2026 11:10:32 UTC] PHP Warning:  Use of undefined constant cnt - assumed 'cnt' (this will throw an Error in a future version of PHP) in /var/www/html/class/general_class.php on line 28
[31-Mar-2026 11:10:32 UTC] PHP Warning:  Use of undefined constant cnt - assumed 'cnt' (this will throw an Error in a future version of PHP) in /var/www/html/class/general_class.php on line 28
[31-Mar-2026 11:10:32 UTC] PHP Warning:  Use of undefined constant cnt - assumed 'cnt' (this will throw an Error in a future version of PHP) in /var/www/html/class/general_class.php on line 28
[31-Mar-2026 11:10:32 UTC] PHP Warning:  Use of undefined constant cnt - assumed 'cnt' (this will throw an Error in a future version of PHP) in /var/www/html/class/general_class.php on line 28
[31-Mar-2026 11:10:32 UTC] PHP Warning:  Use of undefined constant cnt - assumed 'cnt' (this will throw an Error in a future version of PHP) in /var/www/html/class/general_class.php on line 28
[31-Mar-2026 11:10:32 UTC] PHP Warning:  Use of undefined constant cnt - assumed 'cnt' (this will throw an Error in a future version of PHP) in /var/www/html/class/general_class.php on line 28
[31-Mar-2026 11:10:32 UTC] PHP Warning:  Use of undefined constant cnt - assumed 'cnt' (this will throw an Error in a future version of PHP) in /var/www/html/class/general_class.php on line 28
[31-Mar-2026 11:10:32 UTC] PHP Warning:  Use of undefined constant cnt - assumed 'cnt' (this will throw an Error in a future version of PHP) in /var/www/html/class/general_class.php on line 28
[31-Mar-2026 11:10:32 UTC] PHP Warning:  Use of undefined constant cnt - assumed 'cnt' (this will throw an Error in a future version of PHP) in /var/www/html/class/general_class.php on line 28
[31-Mar-2026 11:10:32 UTC] PHP Warning:  Use of undefined constant cnt - assumed 'cnt' (this will throw an Error in a future version of PHP) in /var/www/html/class/general_class.php on line 28
[31-Mar-2026 11:10:32 UTC] PHP Warning:  Use of undefined constant cnt - assumed 'cnt' (this will throw an Error in a future version of PHP) in /var/www/html/class/general_class.php on line 28
[31-Mar-2026 11:10:32 UTC] PHP Warning:  Use of undefined constant cnt - assumed 'cnt' (this will throw an Error in a future version of PHP) in /var/www/html/class/general_class.php on line 28
[31-Mar-2026 11:10:32 UTC] PHP Warning:  Use of undefined constant cnt - assumed 'cnt' (this will throw an Error in a future version of PHP) in /var/www/html/class/general_class.php on line 28
[31-Mar-2026 11:10:32 UTC] PHP Warning:  Use of undefined constant cnt - assumed 'cnt' (this will throw an Error in a future version of PHP) in /var/www/html/class/general_class.php on line 28
[31-Mar-2026 11:10:32 UTC] PHP Warning:  Use of undefined constant cnt - assumed 'cnt' (this will throw an Error in a future version of PHP) in /var/www/html/class/general_class.php on line 28
[31-Mar-2026 11:10:32 UTC] PHP Warning:  Use of undefined constant cnt - assumed 'cnt' (this will throw an Error in a future version of PHP) in /var/www/html/class/general_class.php on line 28
[31-Mar-2026 11:10:33 UTC] PHP Warning:  Use of undefined constant cnt - assumed 'cnt' (this will throw an Error in a future version of PHP) in /var/www/html/class/general_class.php on line 28
[31-Mar-2026 11:10:33 UTC] PHP Warning:  Use of undefined constant cnt - assumed 'cnt' (this will throw an Error in a future version of PHP) in /var/www/html/class/general_class.php on line 28
[31-Mar-2026 11:10:33 UTC] PHP Warning:  Use of undefined constant cnt - assumed 'cnt' (this will throw an Error in a future version of PHP) in /var/www/html/class/general_class.php on line 28
[31-Mar-2026 11:10:33 UTC] PHP Warning:  Use of undefined constant cnt - assumed 'cnt' (this will throw an Error in a future version of PHP) in /var/www/html/class/general_class.php on line 28
[31-Mar-2026 11:10:33 UTC] PHP Warning:  Use of undefined constant cnt - assumed 'cnt' (this will throw an Error in a future version of PHP) in /var/www/html/class/general_class.php on line 28
[31-Mar-2026 11:10:33 UTC] PHP Warning:  Use of undefined constant cnt - assumed 'cnt' (this will throw an Error in a future version of PHP) in /var/www/html/class/general_class.php on line 28
[31-Mar-2026 11:10:33 UTC] PHP Warning:  Use of undefined constant cnt - assumed 'cnt' (this will throw an Error in a future version of PHP) in /var/www/html/class/general_class.php on line 28
[31-Mar-2026 11:10:33 UTC] PHP Warning:  Use of undefined constant cnt - assumed 'cnt' (this will throw an Error in a future version of PHP) in /var/www/html/class/general_class.php on line 28
[31-Mar-2026 11:10:33 UTC] PHP Warning:  Use of undefined constant cnt - assumed 'cnt' (this will throw an Error in a future version of PHP) in /var/www/html/class/general_class.php on line 28
[31-Mar-2026 11:10:33 UTC] PHP Warning:  Use of undefined constant cnt - assumed 'cnt' (this will throw an Error in a future version of PHP) in /var/www/html/class/general_class.php on line 28
[31-Mar-2026 11:10:33 UTC] PHP Warning:  Use of undefined constant cnt - assumed 'cnt' (this will throw an Error in a future version of PHP) in /var/www/html/class/general_class.php on line 28
[31-Mar-2026 11:10:33 UTC] PHP Warning:  Use of undefined constant cnt - assumed 'cnt' (this will throw an Error in a future version of PHP) in /var/www/html/class/general_class.php on line 28
[31-Mar-2026 11:10:33 UTC] PHP Warning:  Use of undefined constant cnt - assumed 'cnt' (this will throw an Error in a future version of PHP) in /var/www/html/class/general_class.php on line 28
[31-Mar-2026 11:10:33 UTC] PHP Warning:  Use of undefined constant cnt - assumed 'cnt' (this will throw an Error in a future version of PHP) in /var/www/html/class/general_class.php on line 28
[31-Mar-2026 11:10:33 UTC] PHP Warning:  Use of undefined constant cnt - assumed 'cnt' (this will throw an Error in a future version of PHP) in /var/www/html/class/general_class.php on line 28
[31-Mar-2026 11:10:33 UTC] PHP Warning:  Use of undefined constant cnt - assumed 'cnt' (this will throw an Error in a future version of PHP) in /var/www/html/class/general_class.php on line 28
[31-Mar-2026 11:10:33 UTC] PHP Warning:  Use of undefined constant cnt - assumed 'cnt' (this will throw an Error in a future version of PHP) in /var/www/html/class/general_class.php on line 28
[31-Mar-2026 11:10:33 UTC] PHP Warning:  Use of undefined constant cnt - assumed 'cnt' (this will throw an Error in a future version of PHP) in /var/www/html/class/general_class.php on line 28
[31-Mar-2026 11:10:33 UTC] PHP Warning:  Use of undefined constant cnt - assumed 'cnt' (this will throw an Error in a future version of PHP) in /var/www/html/class/general_class.php on line 28
[31-Mar-2026 11:10:33 UTC] PHP Warning:  Use of undefined constant cnt - assumed 'cnt' (this will throw an Error in a future version of PHP) in /var/www/html/class/general_class.php on line 28
[31-Mar-2026 11:10:33 UTC] PHP Warning:  Use of undefined constant cnt - assumed 'cnt' (this will throw an Error in a future version of PHP) in /var/www/html/class/general_class.php on line 28
[31-Mar-2026 11:10:33 UTC] PHP Warning:  Use of undefined constant cnt - assumed 'cnt' (this will throw an Error in a future version of PHP) in /var/www/html/class/general_class.php on line 28
[31-Mar-2026 11:10:33 UTC] PHP Warning:  Use of undefined constant cnt - assumed 'cnt' (this will throw an Error in a future version of PHP) in /var/www/html/class/general_class.php on line 28
[31-Mar-2026 11:10:33 UTC] PHP Warning:  Use of undefined constant cnt - assumed 'cnt' (this will throw an Error in a future version of PHP) in /var/www/html/class/general_class.php on line 28
[31-Mar-2026 11:12:54 UTC] PHP Deprecated:  __autoload() is deprecated, use spl_autoload_register() instead in /var/www/html/wiki/includes/AutoLoader.php on line 687
[31-Mar-2026 11:12:54 UTC] PHP Deprecated:  Methods with the same name as their class will not be constructors in a future version of PHP; AuthWP has a deprecated constructor in /var/www/html/wiki/extensions/AuthWP.php on line 94
[31-Mar-2026 11:13:09 UTC] PHP Deprecated:  __autoload() is deprecated, use spl_autoload_register() instead in /var/www/html/wiki/includes/AutoLoader.php on line 687
[31-Mar-2026 11:13:09 UTC] PHP Deprecated:  Methods with the same name as their class will not be constructors in a future version of PHP; AuthWP has a deprecated constructor in /var/www/html/wiki/extensions/AuthWP.php on line 94
[31-Mar-2026 11:15:15 UTC] PHP Warning:  Invalid argument supplied for foreach() in /var/www/html/includes/menu_items.php on line 207
[31-Mar-2026 11:15:15 UTC] PHP Warning:  Invalid argument supplied for foreach() in /var/www/html/customer-analysis.php on line 54
[31-Mar-2026 11:15:15 UTC] PHP Warning:  Division by zero in /var/www/html/customer-analysis.php on line 92
[31-Mar-2026 11:15:15 UTC] PHP Warning:  Division by zero in /var/www/html/customer-analysis.php on line 99
[31-Mar-2026 11:15:15 UTC] PHP Warning:  Invalid argument supplied for foreach() in /var/www/html/customer-analysis.php on line 54
[31-Mar-2026 11:15:15 UTC] PHP Warning:  Division by zero in /var/www/html/customer-analysis.php on line 92
[31-Mar-2026 11:15:15 UTC] PHP Warning:  Division by zero in /var/www/html/customer-analysis.php on line 99
[31-Mar-2026 11:15:15 UTC] PHP Warning:  Invalid argument supplied for foreach() in /var/www/html/customer-analysis.php on line 54
[31-Mar-2026 11:15:15 UTC] PHP Warning:  Division by zero in /var/www/html/customer-analysis.php on line 92
[31-Mar-2026 11:15:15 UTC] PHP Warning:  Division by zero in /var/www/html/customer-analysis.php on line 99
[31-Mar-2026 11:15:15 UTC] PHP Warning:  Invalid argument supplied for foreach() in /var/www/html/customer-analysis.php on line 54
[31-Mar-2026 11:15:15 UTC] PHP Warning:  Division by zero in /var/www/html/customer-analysis.php on line 92
[31-Mar-2026 11:15:15 UTC] PHP Warning:  Division by zero in /var/www/html/customer-analysis.php on line 99
[31-Mar-2026 11:15:16 UTC] PHP Fatal error:  Uncaught  --> Smarty Compiler: Syntax error in template "file:/var/www/html/templates/customer-analysis.tpl"  on line 1 "{include file=header.tpl}"  - Unexpected ".", expected one of: "}" <-- 
  thrown in /var/www/html/libs/sysplugins/smarty_internal_templatecompilerbase.php on line 1
[31-Mar-2026 11:16:41 UTC] PHP Warning:  Invalid argument supplied for foreach() in /var/www/html/includes/menu_items.php on line 207
[31-Mar-2026 11:16:41 UTC] PHP Warning:  Invalid argument supplied for foreach() in /var/www/html/customer-analysis.php on line 54
[31-Mar-2026 11:16:41 UTC] PHP Warning:  Division by zero in /var/www/html/customer-analysis.php on line 92
[31-Mar-2026 11:16:41 UTC] PHP Warning:  Division by zero in /var/www/html/customer-analysis.php on line 99
[31-Mar-2026 11:16:41 UTC] PHP Warning:  Invalid argument supplied for foreach() in /var/www/html/customer-analysis.php on line 54
[31-Mar-2026 11:16:41 UTC] PHP Warning:  Division by zero in /var/www/html/customer-analysis.php on line 92
[31-Mar-2026 11:16:41 UTC] PHP Warning:  Division by zero in /var/www/html/customer-analysis.php on line 99
[31-Mar-2026 11:16:41 UTC] PHP Warning:  Invalid argument supplied for foreach() in /var/www/html/customer-analysis.php on line 54
[31-Mar-2026 11:16:41 UTC] PHP Warning:  Division by zero in /var/www/html/customer-analysis.php on line 92
[31-Mar-2026 11:16:41 UTC] PHP Warning:  Division by zero in /var/www/html/customer-analysis.php on line 99
[31-Mar-2026 11:16:41 UTC] PHP Warning:  Invalid argument supplied for foreach() in /var/www/html/customer-analysis.php on line 54
[31-Mar-2026 11:16:41 UTC] PHP Warning:  Division by zero in /var/www/html/customer-analysis.php on line 92
[31-Mar-2026 11:16:41 UTC] PHP Warning:  Division by zero in /var/www/html/customer-analysis.php on line 99
[31-Mar-2026 11:16:43 UTC] PHP Warning:  number_format() expects parameter 1 to be float, array given in /var/www/html/templates_c/cd77d5a5ee8472312bc4244984fe8e36afb60d39_0.file.customer-analysis.tpl.php on line 127
[31-Mar-2026 11:16:43 UTC] PHP Warning:  number_format() expects parameter 1 to be float, array given in /var/www/html/templates_c/cd77d5a5ee8472312bc4244984fe8e36afb60d39_0.file.customer-analysis.tpl.php on line 141
[31-Mar-2026 11:16:43 UTC] PHP Warning:  number_format() expects parameter 1 to be float, array given in /var/www/html/templates_c/cd77d5a5ee8472312bc4244984fe8e36afb60d39_0.file.customer-analysis.tpl.php on line 157
[31-Mar-2026 11:16:43 UTC] PHP Warning:  number_format() expects parameter 1 to be float, array given in /var/www/html/templates_c/cd77d5a5ee8472312bc4244984fe8e36afb60d39_0.file.customer-analysis.tpl.php on line 172
[31-Mar-2026 11:16:43 UTC] PHP Warning:  number_format() expects parameter 1 to be float, array given in /var/www/html/templates_c/cd77d5a5ee8472312bc4244984fe8e36afb60d39_0.file.customer-analysis.tpl.php on line 186
[31-Mar-2026 11:16:43 UTC] PHP Warning:  number_format() expects parameter 1 to be float, array given in /var/www/html/templates_c/cd77d5a5ee8472312bc4244984fe8e36afb60d39_0.file.customer-analysis.tpl.php on line 200
[31-Mar-2026 11:16:43 UTC] PHP Warning:  number_format() expects parameter 1 to be float, array given in /var/www/html/templates_c/cd77d5a5ee8472312bc4244984fe8e36afb60d39_0.file.customer-analysis.tpl.php on line 214
[31-Mar-2026 11:16:43 UTC] PHP Warning:  number_format() expects parameter 1 to be float, array given in /var/www/html/templates_c/cd77d5a5ee8472312bc4244984fe8e36afb60d39_0.file.customer-analysis.tpl.php on line 228
[31-Mar-2026 11:16:43 UTC] PHP Warning:  number_format() expects parameter 1 to be float, array given in /var/www/html/templates_c/cd77d5a5ee8472312bc4244984fe8e36afb60d39_0.file.customer-analysis.tpl.php on line 241
[31-Mar-2026 11:16:43 UTC] PHP Warning:  number_format() expects parameter 1 to be float, array given in /var/www/html/templates_c/cd77d5a5ee8472312bc4244984fe8e36afb60d39_0.file.customer-analysis.tpl.php on line 256
[31-Mar-2026 11:16:43 UTC] PHP Warning:  number_format() expects parameter 1 to be float, array given in /var/www/html/templates_c/cd77d5a5ee8472312bc4244984fe8e36afb60d39_0.file.customer-analysis.tpl.php on line 271
[31-Mar-2026 11:16:43 UTC] PHP Warning:  number_format() expects parameter 1 to be float, array given in /var/www/html/templates_c/cd77d5a5ee8472312bc4244984fe8e36afb60d39_0.file.customer-analysis.tpl.php on line 285
[31-Mar-2026 11:16:43 UTC] PHP Warning:  number_format() expects parameter 1 to be float, array given in /var/www/html/templates_c/cd77d5a5ee8472312bc4244984fe8e36afb60d39_0.file.customer-analysis.tpl.php on line 299
[31-Mar-2026 11:16:43 UTC] PHP Warning:  number_format() expects parameter 1 to be float, array given in /var/www/html/templates_c/cd77d5a5ee8472312bc4244984fe8e36afb60d39_0.file.customer-analysis.tpl.php on line 313
[31-Mar-2026 11:16:43 UTC] PHP Warning:  number_format() expects parameter 1 to be float, array given in /var/www/html/templates_c/cd77d5a5ee8472312bc4244984fe8e36afb60d39_0.file.customer-analysis.tpl.php on line 328
[31-Mar-2026 11:16:44 UTC] PHP Warning:  number_format() expects parameter 1 to be float, array given in /var/www/html/templates_c/cd77d5a5ee8472312bc4244984fe8e36afb60d39_0.file.customer-analysis.tpl.php on line 342
[31-Mar-2026 11:16:44 UTC] PHP Warning:  number_format() expects parameter 1 to be float, array given in /var/www/html/templates_c/cd77d5a5ee8472312bc4244984fe8e36afb60d39_0.file.customer-analysis.tpl.php on line 356
[31-Mar-2026 11:17:31 UTC] PHP Warning:  Invalid argument supplied for foreach() in /var/www/html/admin/customer-analysis.php on line 49
[31-Mar-2026 11:17:31 UTC] PHP Warning:  Invalid argument supplied for foreach() in /var/www/html/admin/customer-analysis.php on line 49
[31-Mar-2026 11:17:31 UTC] PHP Warning:  Invalid argument supplied for foreach() in /var/www/html/admin/customer-analysis.php on line 49
[31-Mar-2026 11:17:31 UTC] PHP Warning:  Invalid argument supplied for foreach() in /var/www/html/admin/customer-analysis.php on line 49
[31-Mar-2026 11:17:33 UTC] PHP Warning:  number_format() expects parameter 1 to be float, array given in /var/www/html/admin/templates_c/d366d4a14233a969bb7315f65c28b9449dc9df83_0.file.customer-analysis.tpl.php on line 133
[31-Mar-2026 11:17:33 UTC] PHP Warning:  number_format() expects parameter 1 to be float, array given in /var/www/html/admin/templates_c/d366d4a14233a969bb7315f65c28b9449dc9df83_0.file.customer-analysis.tpl.php on line 148
[31-Mar-2026 11:17:33 UTC] PHP Warning:  number_format() expects parameter 1 to be float, array given in /var/www/html/admin/templates_c/d366d4a14233a969bb7315f65c28b9449dc9df83_0.file.customer-analysis.tpl.php on line 165
[31-Mar-2026 11:17:33 UTC] PHP Warning:  number_format() expects parameter 1 to be float, array given in /var/www/html/admin/templates_c/d366d4a14233a969bb7315f65c28b9449dc9df83_0.file.customer-analysis.tpl.php on line 181
[31-Mar-2026 11:17:33 UTC] PHP Warning:  number_format() expects parameter 1 to be float, array given in /var/www/html/admin/templates_c/d366d4a14233a969bb7315f65c28b9449dc9df83_0.file.customer-analysis.tpl.php on line 195
[31-Mar-2026 11:17:33 UTC] PHP Warning:  number_format() expects parameter 1 to be float, array given in /var/www/html/admin/templates_c/d366d4a14233a969bb7315f65c28b9449dc9df83_0.file.customer-analysis.tpl.php on line 209
[31-Mar-2026 11:17:33 UTC] PHP Warning:  number_format() expects parameter 1 to be float, array given in /var/www/html/admin/templates_c/d366d4a14233a969bb7315f65c28b9449dc9df83_0.file.customer-analysis.tpl.php on line 223
[31-Mar-2026 11:17:33 UTC] PHP Warning:  number_format() expects parameter 1 to be float, array given in /var/www/html/admin/templates_c/d366d4a14233a969bb7315f65c28b9449dc9df83_0.file.customer-analysis.tpl.php on line 237
[31-Mar-2026 11:17:33 UTC] PHP Warning:  number_format() expects parameter 1 to be float, array given in /var/www/html/admin/templates_c/d366d4a14233a969bb7315f65c28b9449dc9df83_0.file.customer-analysis.tpl.php on line 250
[31-Mar-2026 11:17:33 UTC] PHP Warning:  number_format() expects parameter 1 to be float, array given in /var/www/html/admin/templates_c/d366d4a14233a969bb7315f65c28b9449dc9df83_0.file.customer-analysis.tpl.php on line 265
[31-Mar-2026 11:17:33 UTC] PHP Warning:  number_format() expects parameter 1 to be float, array given in /var/www/html/admin/templates_c/d366d4a14233a969bb7315f65c28b9449dc9df83_0.file.customer-analysis.tpl.php on line 280
[31-Mar-2026 11:17:33 UTC] PHP Warning:  number_format() expects parameter 1 to be float, array given in /var/www/html/admin/templates_c/d366d4a14233a969bb7315f65c28b9449dc9df83_0.file.customer-analysis.tpl.php on line 294
[31-Mar-2026 11:17:33 UTC] PHP Warning:  number_format() expects parameter 1 to be float, array given in /var/www/html/admin/templates_c/d366d4a14233a969bb7315f65c28b9449dc9df83_0.file.customer-analysis.tpl.php on line 308
[31-Mar-2026 11:17:33 UTC] PHP Warning:  number_format() expects parameter 1 to be float, array given in /var/www/html/admin/templates_c/d366d4a14233a969bb7315f65c28b9449dc9df83_0.file.customer-analysis.tpl.php on line 324
[31-Mar-2026 11:17:33 UTC] PHP Warning:  number_format() expects parameter 1 to be float, array given in /var/www/html/admin/templates_c/d366d4a14233a969bb7315f65c28b9449dc9df83_0.file.customer-analysis.tpl.php on line 339
[31-Mar-2026 11:17:33 UTC] PHP Warning:  number_format() expects parameter 1 to be float, array given in /var/www/html/admin/templates_c/d366d4a14233a969bb7315f65c28b9449dc9df83_0.file.customer-analysis.tpl.php on line 354
[31-Mar-2026 11:24:13 UTC] PHP Warning:  Invalid argument supplied for foreach() in /var/www/html/includes/menu_items.php on line 207
[31-Mar-2026 11:24:13 UTC] PHP Warning:  Invalid argument supplied for foreach() in /var/www/html/customer-analysis.php on line 54
[31-Mar-2026 11:24:13 UTC] PHP Warning:  Division by zero in /var/www/html/customer-analysis.php on line 92
[31-Mar-2026 11:24:13 UTC] PHP Warning:  Division by zero in /var/www/html/customer-analysis.php on line 99
[31-Mar-2026 11:24:13 UTC] PHP Warning:  Invalid argument supplied for foreach() in /var/www/html/customer-analysis.php on line 54
[31-Mar-2026 11:24:13 UTC] PHP Warning:  Division by zero in /var/www/html/customer-analysis.php on line 92
[31-Mar-2026 11:24:13 UTC] PHP Warning:  Division by zero in /var/www/html/customer-analysis.php on line 99
[31-Mar-2026 11:24:13 UTC] PHP Warning:  Invalid argument supplied for foreach() in /var/www/html/customer-analysis.php on line 54
[31-Mar-2026 11:24:13 UTC] PHP Warning:  Division by zero in /var/www/html/customer-analysis.php on line 92
[31-Mar-2026 11:24:13 UTC] PHP Warning:  Division by zero in /var/www/html/customer-analysis.php on line 99
[31-Mar-2026 11:24:13 UTC] PHP Warning:  Invalid argument supplied for foreach() in /var/www/html/customer-analysis.php on line 54
[31-Mar-2026 11:24:13 UTC] PHP Warning:  Division by zero in /var/www/html/customer-analysis.php on line 92
[31-Mar-2026 11:24:13 UTC] PHP Warning:  Division by zero in /var/www/html/customer-analysis.php on line 99
[31-Mar-2026 11:24:55 UTC] PHP Warning:  Invalid argument supplied for foreach() in /var/www/html/includes/menu_items.php on line 207
[31-Mar-2026 11:24:55 UTC] PHP Warning:  Invalid argument supplied for foreach() in /var/www/html/customer-analysis.php on line 54
[31-Mar-2026 11:24:56 UTC] PHP Warning:  Division by zero in /var/www/html/customer-analysis.php on line 92
[31-Mar-2026 11:24:56 UTC] PHP Warning:  Division by zero in /var/www/html/customer-analysis.php on line 99
[31-Mar-2026 11:24:56 UTC] PHP Warning:  Invalid argument supplied for foreach() in /var/www/html/customer-analysis.php on line 54
[31-Mar-2026 11:24:56 UTC] PHP Warning:  Division by zero in /var/www/html/customer-analysis.php on line 92
[31-Mar-2026 11:24:56 UTC] PHP Warning:  Division by zero in /var/www/html/customer-analysis.php on line 99
[31-Mar-2026 11:24:56 UTC] PHP Warning:  Invalid argument supplied for foreach() in /var/www/html/customer-analysis.php on line 54
[31-Mar-2026 11:24:56 UTC] PHP Warning:  Division by zero in /var/www/html/customer-analysis.php on line 92
[31-Mar-2026 11:24:56 UTC] PHP Warning:  Division by zero in /var/www/html/customer-analysis.php on line 99
[31-Mar-2026 11:24:56 UTC] PHP Warning:  Invalid argument supplied for foreach() in /var/www/html/customer-analysis.php on line 54
[31-Mar-2026 11:24:56 UTC] PHP Warning:  Division by zero in /var/www/html/customer-analysis.php on line 92
[31-Mar-2026 11:24:56 UTC] PHP Warning:  Division by zero in /var/www/html/customer-analysis.php on line 99
[31-Mar-2026 11:26:44 UTC] PHP Warning:  Invalid argument supplied for foreach() in /var/www/html/includes/menu_items.php on line 207
[31-Mar-2026 11:26:44 UTC] PHP Warning:  Invalid argument supplied for foreach() in /var/www/html/customer-analysis.php on line 54
[31-Mar-2026 11:26:44 UTC] PHP Warning:  Division by zero in /var/www/html/customer-analysis.php on line 92
[31-Mar-2026 11:26:44 UTC] PHP Warning:  Division by zero in /var/www/html/customer-analysis.php on line 99
[31-Mar-2026 11:26:44 UTC] PHP Warning:  Invalid argument supplied for foreach() in /var/www/html/customer-analysis.php on line 54
[31-Mar-2026 11:26:45 UTC] PHP Warning:  Division by zero in /var/www/html/customer-analysis.php on line 92
[31-Mar-2026 11:26:45 UTC] PHP Warning:  Division by zero in /var/www/html/customer-analysis.php on line 99
[31-Mar-2026 11:26:45 UTC] PHP Warning:  Invalid argument supplied for foreach() in /var/www/html/customer-analysis.php on line 54
[31-Mar-2026 11:26:45 UTC] PHP Warning:  Division by zero in /var/www/html/customer-analysis.php on line 92
[31-Mar-2026 11:26:45 UTC] PHP Warning:  Division by zero in /var/www/html/customer-analysis.php on line 99
[31-Mar-2026 11:26:45 UTC] PHP Warning:  Invalid argument supplied for foreach() in /var/www/html/customer-analysis.php on line 54
[31-Mar-2026 11:26:45 UTC] PHP Warning:  Division by zero in /var/www/html/customer-analysis.php on line 92
[31-Mar-2026 11:26:45 UTC] PHP Warning:  Division by zero in /var/www/html/customer-analysis.php on line 99
[31-Mar-2026 11:26:57 UTC] PHP Warning:  Invalid argument supplied for foreach() in /var/www/html/includes/menu_items.php on line 207
[31-Mar-2026 11:26:57 UTC] PHP Warning:  Invalid argument supplied for foreach() in /var/www/html/customer-analysis.php on line 54
[31-Mar-2026 11:26:57 UTC] PHP Warning:  Division by zero in /var/www/html/customer-analysis.php on line 92
[31-Mar-2026 11:26:57 UTC] PHP Warning:  Division by zero in /var/www/html/customer-analysis.php on line 99
[31-Mar-2026 11:26:57 UTC] PHP Warning:  Invalid argument supplied for foreach() in /var/www/html/customer-analysis.php on line 54
[31-Mar-2026 11:26:58 UTC] PHP Warning:  Division by zero in /var/www/html/customer-analysis.php on line 92
[31-Mar-2026 11:26:58 UTC] PHP Warning:  Division by zero in /var/www/html/customer-analysis.php on line 99
[31-Mar-2026 11:26:58 UTC] PHP Warning:  Invalid argument supplied for foreach() in /var/www/html/customer-analysis.php on line 54
[31-Mar-2026 11:26:58 UTC] PHP Warning:  Division by zero in /var/www/html/customer-analysis.php on line 92
[31-Mar-2026 11:26:58 UTC] PHP Warning:  Division by zero in /var/www/html/customer-analysis.php on line 99
[31-Mar-2026 11:26:58 UTC] PHP Warning:  Invalid argument supplied for foreach() in /var/www/html/customer-analysis.php on line 54
[31-Mar-2026 11:26:58 UTC] PHP Warning:  Division by zero in /var/www/html/customer-analysis.php on line 92
[31-Mar-2026 11:26:58 UTC] PHP Warning:  Division by zero in /var/www/html/customer-analysis.php on line 99
[31-Mar-2026 11:32:28 UTC] PHP Warning:  Invalid argument supplied for foreach() in /var/www/html/includes/menu_items.php on line 207
[31-Mar-2026 11:34:15 UTC] PHP Warning:  require_once(/home/automark/public_html/customer/yousendit/sample/Authentication.php): failed to open stream: No such file or directory in /var/www/html/index.php on line 43
[31-Mar-2026 11:34:15 UTC] PHP Fatal error:  require_once(): Failed opening required '/home/automark/public_html/customer/yousendit/sample/Authentication.php' (include_path='.:/usr/local/lib/php') in /var/www/html/index.php on line 43
[31-Mar-2026 11:35:15 UTC] PHP Warning:  Invalid argument supplied for foreach() in /var/www/html/includes/menu_items.php on line 207
[31-Mar-2026 11:35:15 UTC] PHP Warning:  Invalid argument supplied for foreach() in /var/www/html/customer-analysis.php on line 54
[31-Mar-2026 11:35:15 UTC] PHP Warning:  Division by zero in /var/www/html/customer-analysis.php on line 92
[31-Mar-2026 11:35:16 UTC] PHP Warning:  Division by zero in /var/www/html/customer-analysis.php on line 99
[31-Mar-2026 11:35:16 UTC] PHP Warning:  Invalid argument supplied for foreach() in /var/www/html/customer-analysis.php on line 54
[31-Mar-2026 11:35:16 UTC] PHP Warning:  Division by zero in /var/www/html/customer-analysis.php on line 92
[31-Mar-2026 11:35:16 UTC] PHP Warning:  Division by zero in /var/www/html/customer-analysis.php on line 99
[31-Mar-2026 11:35:16 UTC] PHP Warning:  Invalid argument supplied for foreach() in /var/www/html/customer-analysis.php on line 54
[31-Mar-2026 11:35:16 UTC] PHP Warning:  Division by zero in /var/www/html/customer-analysis.php on line 92
[31-Mar-2026 11:35:16 UTC] PHP Warning:  Division by zero in /var/www/html/customer-analysis.php on line 99
[31-Mar-2026 11:35:16 UTC] PHP Warning:  Invalid argument supplied for foreach() in /var/www/html/customer-analysis.php on line 54
[31-Mar-2026 11:35:16 UTC] PHP Warning:  Division by zero in /var/www/html/customer-analysis.php on line 92
[31-Mar-2026 11:35:16 UTC] PHP Warning:  Division by zero in /var/www/html/customer-analysis.php on line 99
[31-Mar-2026 11:35:24 UTC] PHP Warning:  Invalid argument supplied for foreach() in /var/www/html/customer-analysis.php on line 54
[31-Mar-2026 11:35:25 UTC] PHP Warning:  Division by zero in /var/www/html/customer-analysis.php on line 92
[31-Mar-2026 11:35:25 UTC] PHP Warning:  Division by zero in /var/www/html/customer-analysis.php on line 99
[31-Mar-2026 11:35:25 UTC] PHP Warning:  Invalid argument supplied for foreach() in /var/www/html/customer-analysis.php on line 54
[31-Mar-2026 11:35:26 UTC] PHP Warning:  Division by zero in /var/www/html/customer-analysis.php on line 92
[31-Mar-2026 11:35:26 UTC] PHP Warning:  Division by zero in /var/www/html/customer-analysis.php on line 99
[31-Mar-2026 11:35:26 UTC] PHP Warning:  Invalid argument supplied for foreach() in /var/www/html/customer-analysis.php on line 54
[31-Mar-2026 11:35:27 UTC] PHP Warning:  Division by zero in /var/www/html/customer-analysis.php on line 92
[31-Mar-2026 11:35:27 UTC] PHP Warning:  Division by zero in /var/www/html/customer-analysis.php on line 99
[31-Mar-2026 11:35:27 UTC] PHP Warning:  Invalid argument supplied for foreach() in /var/www/html/customer-analysis.php on line 54
[31-Mar-2026 11:35:28 UTC] PHP Warning:  Division by zero in /var/www/html/customer-analysis.php on line 92
[31-Mar-2026 11:35:28 UTC] PHP Warning:  Division by zero in /var/www/html/customer-analysis.php on line 99
[31-Mar-2026 11:38:51 UTC] PHP Warning:  Invalid argument supplied for foreach() in /var/www/html/customer-analysis.php on line 54
[31-Mar-2026 11:38:52 UTC] PHP Warning:  Division by zero in /var/www/html/customer-analysis.php on line 92
[31-Mar-2026 11:38:52 UTC] PHP Warning:  Division by zero in /var/www/html/customer-analysis.php on line 99
[31-Mar-2026 11:38:52 UTC] PHP Warning:  Invalid argument supplied for foreach() in /var/www/html/customer-analysis.php on line 54
[31-Mar-2026 11:38:52 UTC] PHP Warning:  Division by zero in /var/www/html/customer-analysis.php on line 92
[31-Mar-2026 11:38:52 UTC] PHP Warning:  Division by zero in /var/www/html/customer-analysis.php on line 99
[31-Mar-2026 11:38:53 UTC] PHP Warning:  Invalid argument supplied for foreach() in /var/www/html/customer-analysis.php on line 54
[31-Mar-2026 11:38:53 UTC] PHP Warning:  Division by zero in /var/www/html/customer-analysis.php on line 92
[31-Mar-2026 11:38:53 UTC] PHP Warning:  Division by zero in /var/www/html/customer-analysis.php on line 99
[31-Mar-2026 11:38:54 UTC] PHP Warning:  Invalid argument supplied for foreach() in /var/www/html/customer-analysis.php on line 54
[31-Mar-2026 11:38:54 UTC] PHP Warning:  Division by zero in /var/www/html/customer-analysis.php on line 92
[31-Mar-2026 11:38:54 UTC] PHP Warning:  Division by zero in /var/www/html/customer-analysis.php on line 99
[31-Mar-2026 11:40:48 UTC] PHP Warning:  Invalid argument supplied for foreach() in /var/www/html/customer-analysis.php on line 54
[31-Mar-2026 11:40:48 UTC] PHP Warning:  Division by zero in /var/www/html/customer-analysis.php on line 92
[31-Mar-2026 11:40:48 UTC] PHP Warning:  Division by zero in /var/www/html/customer-analysis.php on line 99
[31-Mar-2026 11:40:49 UTC] PHP Warning:  Invalid argument supplied for foreach() in /var/www/html/customer-analysis.php on line 54
[31-Mar-2026 11:40:49 UTC] PHP Warning:  Division by zero in /var/www/html/customer-analysis.php on line 92
[31-Mar-2026 11:40:49 UTC] PHP Warning:  Division by zero in /var/www/html/customer-analysis.php on line 99
[31-Mar-2026 11:40:50 UTC] PHP Warning:  Invalid argument supplied for foreach() in /var/www/html/customer-analysis.php on line 54
[31-Mar-2026 11:40:50 UTC] PHP Warning:  Division by zero in /var/www/html/customer-analysis.php on line 92
[31-Mar-2026 11:40:50 UTC] PHP Warning:  Division by zero in /var/www/html/customer-analysis.php on line 99
[31-Mar-2026 11:40:50 UTC] PHP Warning:  Invalid argument supplied for foreach() in /var/www/html/customer-analysis.php on line 54
[31-Mar-2026 11:40:51 UTC] PHP Warning:  Division by zero in /var/www/html/customer-analysis.php on line 92
[31-Mar-2026 11:40:51 UTC] PHP Warning:  Division by zero in /var/www/html/customer-analysis.php on line 99
[31-Mar-2026 11:42:23 UTC] PHP Warning:  Invalid argument supplied for foreach() in /var/www/html/customer-analysis.php on line 54
[31-Mar-2026 11:42:23 UTC] PHP Warning:  Division by zero in /var/www/html/customer-analysis.php on line 92
[31-Mar-2026 11:42:23 UTC] PHP Warning:  Division by zero in /var/www/html/customer-analysis.php on line 99
[31-Mar-2026 11:42:24 UTC] PHP Warning:  Invalid argument supplied for foreach() in /var/www/html/customer-analysis.php on line 54
[31-Mar-2026 11:42:24 UTC] PHP Warning:  Division by zero in /var/www/html/customer-analysis.php on line 92
[31-Mar-2026 11:42:24 UTC] PHP Warning:  Division by zero in /var/www/html/customer-analysis.php on line 99
[31-Mar-2026 11:42:25 UTC] PHP Warning:  Invalid argument supplied for foreach() in /var/www/html/customer-analysis.php on line 54
[31-Mar-2026 11:42:25 UTC] PHP Warning:  Division by zero in /var/www/html/customer-analysis.php on line 92
[31-Mar-2026 11:42:25 UTC] PHP Warning:  Division by zero in /var/www/html/customer-analysis.php on line 99
[31-Mar-2026 11:42:25 UTC] PHP Warning:  Invalid argument supplied for foreach() in /var/www/html/customer-analysis.php on line 54
[31-Mar-2026 11:42:26 UTC] PHP Warning:  Division by zero in /var/www/html/customer-analysis.php on line 92
[31-Mar-2026 11:42:26 UTC] PHP Warning:  Division by zero in /var/www/html/customer-analysis.php on line 99
[31-Mar-2026 11:42:26 UTC] PHP Warning:  Invalid argument supplied for foreach() in /var/www/html/customer-analysis.php on line 54
[31-Mar-2026 11:42:27 UTC] PHP Warning:  Division by zero in /var/www/html/customer-analysis.php on line 92
[31-Mar-2026 11:42:27 UTC] PHP Warning:  Division by zero in /var/www/html/customer-analysis.php on line 99
[31-Mar-2026 11:42:27 UTC] PHP Warning:  Invalid argument supplied for foreach() in /var/www/html/customer-analysis.php on line 54
[31-Mar-2026 11:42:27 UTC] PHP Warning:  Division by zero in /var/www/html/customer-analysis.php on line 92
[31-Mar-2026 11:42:27 UTC] PHP Warning:  Division by zero in /var/www/html/customer-analysis.php on line 99
[31-Mar-2026 11:42:28 UTC] PHP Warning:  Invalid argument supplied for foreach() in /var/www/html/customer-analysis.php on line 54
[31-Mar-2026 11:42:28 UTC] PHP Warning:  Division by zero in /var/www/html/customer-analysis.php on line 92
[31-Mar-2026 11:42:28 UTC] PHP Warning:  Division by zero in /var/www/html/customer-analysis.php on line 99
[31-Mar-2026 11:42:29 UTC] PHP Warning:  Invalid argument supplied for foreach() in /var/www/html/customer-analysis.php on line 54
[31-Mar-2026 11:42:29 UTC] PHP Warning:  Division by zero in /var/www/html/customer-analysis.php on line 92
[31-Mar-2026 11:42:29 UTC] PHP Warning:  Division by zero in /var/www/html/customer-analysis.php on line 99
[31-Mar-2026 11:42:30 UTC] PHP Warning:  Invalid argument supplied for foreach() in /var/www/html/customer-analysis.php on line 54
[31-Mar-2026 11:42:30 UTC] PHP Warning:  Division by zero in /var/www/html/customer-analysis.php on line 92
[31-Mar-2026 11:42:30 UTC] PHP Warning:  Division by zero in /var/www/html/customer-analysis.php on line 99
[31-Mar-2026 11:42:31 UTC] PHP Warning:  Invalid argument supplied for foreach() in /var/www/html/customer-analysis.php on line 54
[31-Mar-2026 11:42:32 UTC] PHP Warning:  Division by zero in /var/www/html/customer-analysis.php on line 92
[31-Mar-2026 11:42:32 UTC] PHP Warning:  Division by zero in /var/www/html/customer-analysis.php on line 99
[31-Mar-2026 11:42:32 UTC] PHP Warning:  Invalid argument supplied for foreach() in /var/www/html/customer-analysis.php on line 54
[31-Mar-2026 11:42:32 UTC] PHP Warning:  Division by zero in /var/www/html/customer-analysis.php on line 92
[31-Mar-2026 11:42:32 UTC] PHP Warning:  Division by zero in /var/www/html/customer-analysis.php on line 99
[31-Mar-2026 11:42:33 UTC] PHP Warning:  Invalid argument supplied for foreach() in /var/www/html/customer-analysis.php on line 54
[31-Mar-2026 11:42:33 UTC] PHP Warning:  Division by zero in /var/www/html/customer-analysis.php on line 92
[31-Mar-2026 11:42:33 UTC] PHP Warning:  Division by zero in /var/www/html/customer-analysis.php on line 99
[31-Mar-2026 11:42:58 UTC] PHP Warning:  Invalid argument supplied for foreach() in /var/www/html/customer-analysis.php on line 54
[31-Mar-2026 11:42:58 UTC] PHP Warning:  Division by zero in /var/www/html/customer-analysis.php on line 92
[31-Mar-2026 11:42:58 UTC] PHP Warning:  Division by zero in /var/www/html/customer-analysis.php on line 99
[31-Mar-2026 11:42:59 UTC] PHP Warning:  Invalid argument supplied for foreach() in /var/www/html/customer-analysis.php on line 54
[31-Mar-2026 11:42:59 UTC] PHP Warning:  Division by zero in /var/www/html/customer-analysis.php on line 92
[31-Mar-2026 11:42:59 UTC] PHP Warning:  Division by zero in /var/www/html/customer-analysis.php on line 99
[31-Mar-2026 11:43:00 UTC] PHP Warning:  Invalid argument supplied for foreach() in /var/www/html/customer-analysis.php on line 54
[31-Mar-2026 11:43:00 UTC] PHP Warning:  Division by zero in /var/www/html/customer-analysis.php on line 92
[31-Mar-2026 11:43:00 UTC] PHP Warning:  Division by zero in /var/www/html/customer-analysis.php on line 99
[31-Mar-2026 11:43:01 UTC] PHP Warning:  Invalid argument supplied for foreach() in /var/www/html/customer-analysis.php on line 54
[31-Mar-2026 11:43:01 UTC] PHP Warning:  Division by zero in /var/www/html/customer-analysis.php on line 92
[31-Mar-2026 11:43:01 UTC] PHP Warning:  Division by zero in /var/www/html/customer-analysis.php on line 99
[31-Mar-2026 11:43:01 UTC] PHP Warning:  Invalid argument supplied for foreach() in /var/www/html/customer-analysis.php on line 54
[31-Mar-2026 11:43:02 UTC] PHP Warning:  Division by zero in /var/www/html/customer-analysis.php on line 92
[31-Mar-2026 11:43:02 UTC] PHP Warning:  Division by zero in /var/www/html/customer-analysis.php on line 99
[31-Mar-2026 11:43:02 UTC] PHP Warning:  Invalid argument supplied for foreach() in /var/www/html/customer-analysis.php on line 54
[31-Mar-2026 11:43:03 UTC] PHP Warning:  Division by zero in /var/www/html/customer-analysis.php on line 92
[31-Mar-2026 11:43:03 UTC] PHP Warning:  Division by zero in /var/www/html/customer-analysis.php on line 99
[31-Mar-2026 11:43:03 UTC] PHP Warning:  Invalid argument supplied for foreach() in /var/www/html/customer-analysis.php on line 54
[31-Mar-2026 11:43:03 UTC] PHP Warning:  Division by zero in /var/www/html/customer-analysis.php on line 92
[31-Mar-2026 11:43:03 UTC] PHP Warning:  Division by zero in /var/www/html/customer-analysis.php on line 99
[31-Mar-2026 11:43:04 UTC] PHP Warning:  Invalid argument supplied for foreach() in /var/www/html/customer-analysis.php on line 54
[31-Mar-2026 11:43:04 UTC] PHP Warning:  Division by zero in /var/www/html/customer-analysis.php on line 92
[31-Mar-2026 11:43:04 UTC] PHP Warning:  Division by zero in /var/www/html/customer-analysis.php on line 99
[31-Mar-2026 11:43:05 UTC] PHP Warning:  Invalid argument supplied for foreach() in /var/www/html/customer-analysis.php on line 54
[31-Mar-2026 11:43:05 UTC] PHP Warning:  Division by zero in /var/www/html/customer-analysis.php on line 92
[31-Mar-2026 11:43:05 UTC] PHP Warning:  Division by zero in /var/www/html/customer-analysis.php on line 99
[31-Mar-2026 11:43:06 UTC] PHP Warning:  Invalid argument supplied for foreach() in /var/www/html/customer-analysis.php on line 54
[31-Mar-2026 11:43:06 UTC] PHP Warning:  Division by zero in /var/www/html/customer-analysis.php on line 92
[31-Mar-2026 11:43:06 UTC] PHP Warning:  Division by zero in /var/www/html/customer-analysis.php on line 99
[31-Mar-2026 11:43:06 UTC] PHP Warning:  Invalid argument supplied for foreach() in /var/www/html/customer-analysis.php on line 54
[31-Mar-2026 11:43:07 UTC] PHP Warning:  Division by zero in /var/www/html/customer-analysis.php on line 92
[31-Mar-2026 11:43:07 UTC] PHP Warning:  Division by zero in /var/www/html/customer-analysis.php on line 99
[31-Mar-2026 11:43:07 UTC] PHP Warning:  Invalid argument supplied for foreach() in /var/www/html/customer-analysis.php on line 54
[31-Mar-2026 11:43:08 UTC] PHP Warning:  Division by zero in /var/www/html/customer-analysis.php on line 92
[31-Mar-2026 11:43:08 UTC] PHP Warning:  Division by zero in /var/www/html/customer-analysis.php on line 99
[31-Mar-2026 11:43:08 UTC] PHP Warning:  Invalid argument supplied for foreach() in /var/www/html/customer-analysis.php on line 54
[31-Mar-2026 11:43:09 UTC] PHP Warning:  Invalid argument supplied for foreach() in /var/www/html/customer-analysis.php on line 54
[31-Mar-2026 11:43:10 UTC] PHP Warning:  Invalid argument supplied for foreach() in /var/www/html/customer-analysis.php on line 54
[31-Mar-2026 11:43:10 UTC] PHP Warning:  Invalid argument supplied for foreach() in /var/www/html/customer-analysis.php on line 54
[31-Mar-2026 11:47:47 UTC] PHP Warning:  Invalid argument supplied for foreach() in /var/www/html/customer-analysis.php on line 55
[31-Mar-2026 11:47:48 UTC] PHP Warning:  Division by zero in /var/www/html/customer-analysis.php on line 93
[31-Mar-2026 11:47:48 UTC] PHP Warning:  Division by zero in /var/www/html/customer-analysis.php on line 100
[31-Mar-2026 11:47:48 UTC] PHP Warning:  Invalid argument supplied for foreach() in /var/www/html/customer-analysis.php on line 55
[31-Mar-2026 11:47:49 UTC] PHP Warning:  Invalid argument supplied for foreach() in /var/www/html/customer-analysis.php on line 55
[31-Mar-2026 11:47:50 UTC] PHP Warning:  Invalid argument supplied for foreach() in /var/www/html/customer-analysis.php on line 55
[31-Mar-2026 11:49:48 UTC] PHP Warning:  Invalid argument supplied for foreach() in /var/www/html/includes/menu_items.php on line 207
[31-Mar-2026 11:54:49 UTC] PHP Warning:  Division by zero in /var/www/html/customer-analysis.php on line 93
[31-Mar-2026 11:54:49 UTC] PHP Warning:  Division by zero in /var/www/html/customer-analysis.php on line 100
[31-Mar-2026 11:59:30 UTC] PHP Warning:  Invalid argument supplied for foreach() in /var/www/html/includes/menu_items.php on line 207
[31-Mar-2026 11:59:30 UTC] PHP Warning:  Division by zero in /var/www/html/customer-analysis.php on line 93
[31-Mar-2026 11:59:31 UTC] PHP Warning:  Division by zero in /var/www/html/customer-analysis.php on line 100
[31-Mar-2026 11:59:31 UTC] PHP Warning:  Division by zero in /var/www/html/customer-analysis.php on line 93
[31-Mar-2026 11:59:31 UTC] PHP Warning:  Division by zero in /var/www/html/customer-analysis.php on line 100
[31-Mar-2026 11:59:31 UTC] PHP Warning:  Division by zero in /var/www/html/customer-analysis.php on line 93
[31-Mar-2026 11:59:31 UTC] PHP Warning:  Division by zero in /var/www/html/customer-analysis.php on line 100
[31-Mar-2026 11:59:31 UTC] PHP Warning:  Division by zero in /var/www/html/customer-analysis.php on line 93
[31-Mar-2026 11:59:31 UTC] PHP Warning:  Division by zero in /var/www/html/customer-analysis.php on line 100
[31-Mar-2026 12:00:50 UTC] PHP Warning:  Invalid argument supplied for foreach() in /var/www/html/includes/menu_items.php on line 207
[31-Mar-2026 12:05:35 UTC] PHP Warning:  Invalid argument supplied for foreach() in /var/www/html/includes/menu_items.php on line 207
[31-Mar-2026 12:05:35 UTC] PHP Warning:  Division by zero in /var/www/html/customer-analysis.php on line 93
[31-Mar-2026 12:05:35 UTC] PHP Warning:  Division by zero in /var/www/html/customer-analysis.php on line 100
[31-Mar-2026 12:05:35 UTC] PHP Warning:  Division by zero in /var/www/html/customer-analysis.php on line 93
[31-Mar-2026 12:05:35 UTC] PHP Warning:  Division by zero in /var/www/html/customer-analysis.php on line 100
[31-Mar-2026 12:05:35 UTC] PHP Warning:  Division by zero in /var/www/html/customer-analysis.php on line 93
[31-Mar-2026 12:05:35 UTC] PHP Warning:  Division by zero in /var/www/html/customer-analysis.php on line 100
[31-Mar-2026 12:05:35 UTC] PHP Warning:  Division by zero in /var/www/html/customer-analysis.php on line 93
[31-Mar-2026 12:05:35 UTC] PHP Warning:  Division by zero in /var/www/html/customer-analysis.php on line 100
[31-Mar-2026 12:11:51 UTC] PHP Warning:  Invalid argument supplied for foreach() in /var/www/html/includes/menu_items.php on line 207
[31-Mar-2026 12:11:51 UTC] PHP Warning:  Division by zero in /var/www/html/customer-analysis.php on line 93
[31-Mar-2026 12:11:51 UTC] PHP Warning:  Division by zero in /var/www/html/customer-analysis.php on line 100
[31-Mar-2026 12:11:51 UTC] PHP Warning:  Division by zero in /var/www/html/customer-analysis.php on line 93
[31-Mar-2026 12:11:51 UTC] PHP Warning:  Division by zero in /var/www/html/customer-analysis.php on line 100
[31-Mar-2026 12:11:51 UTC] PHP Warning:  Division by zero in /var/www/html/customer-analysis.php on line 93
[31-Mar-2026 12:11:51 UTC] PHP Warning:  Division by zero in /var/www/html/customer-analysis.php on line 100
[31-Mar-2026 12:11:51 UTC] PHP Warning:  Division by zero in /var/www/html/customer-analysis.php on line 93
[31-Mar-2026 12:11:51 UTC] PHP Warning:  Division by zero in /var/www/html/customer-analysis.php on line 100
[31-Mar-2026 12:12:03 UTC] PHP Warning:  Division by zero in /var/www/html/customer-analysis.php on line 93
[31-Mar-2026 12:12:03 UTC] PHP Warning:  Division by zero in /var/www/html/customer-analysis.php on line 100
[31-Mar-2026 12:12:03 UTC] PHP Warning:  Division by zero in /var/www/html/customer-analysis.php on line 93
[31-Mar-2026 12:12:03 UTC] PHP Warning:  Division by zero in /var/www/html/customer-analysis.php on line 100
[31-Mar-2026 12:12:04 UTC] PHP Warning:  Division by zero in /var/www/html/customer-analysis.php on line 93
[31-Mar-2026 12:12:04 UTC] PHP Warning:  Division by zero in /var/www/html/customer-analysis.php on line 100
[31-Mar-2026 12:12:05 UTC] PHP Warning:  Division by zero in /var/www/html/customer-analysis.php on line 93
[31-Mar-2026 12:12:05 UTC] PHP Warning:  Division by zero in /var/www/html/customer-analysis.php on line 100
[31-Mar-2026 12:13:53 UTC] PHP Warning:  Invalid argument supplied for foreach() in /var/www/html/includes/menu_items.php on line 207
[31-Mar-2026 12:13:53 UTC] PHP Warning:  Division by zero in /var/www/html/customer-analysis.php on line 93
[31-Mar-2026 12:13:53 UTC] PHP Warning:  Division by zero in /var/www/html/customer-analysis.php on line 100
[31-Mar-2026 12:13:53 UTC] PHP Warning:  Division by zero in /var/www/html/customer-analysis.php on line 93
[31-Mar-2026 12:13:53 UTC] PHP Warning:  Division by zero in /var/www/html/customer-analysis.php on line 100
[31-Mar-2026 12:13:53 UTC] PHP Warning:  Division by zero in /var/www/html/customer-analysis.php on line 93
[31-Mar-2026 12:13:53 UTC] PHP Warning:  Division by zero in /var/www/html/customer-analysis.php on line 100
[31-Mar-2026 12:13:53 UTC] PHP Warning:  Division by zero in /var/www/html/customer-analysis.php on line 93
[31-Mar-2026 12:13:53 UTC] PHP Warning:  Division by zero in /var/www/html/customer-analysis.php on line 100
[31-Mar-2026 12:28:52 UTC] PHP Warning:  Invalid argument supplied for foreach() in /var/www/html/includes/menu_items.php on line 207
[31-Mar-2026 12:28:52 UTC] PHP Warning:  Division by zero in /var/www/html/customer-analysis.php on line 93
[31-Mar-2026 12:28:52 UTC] PHP Warning:  Division by zero in /var/www/html/customer-analysis.php on line 100
[31-Mar-2026 12:28:52 UTC] PHP Warning:  Division by zero in /var/www/html/customer-analysis.php on line 93
[31-Mar-2026 12:28:52 UTC] PHP Warning:  Division by zero in /var/www/html/customer-analysis.php on line 100
[31-Mar-2026 12:28:53 UTC] PHP Warning:  Division by zero in /var/www/html/customer-analysis.php on line 93
[31-Mar-2026 12:28:53 UTC] PHP Warning:  Division by zero in /var/www/html/customer-analysis.php on line 100
[31-Mar-2026 12:28:53 UTC] PHP Warning:  Division by zero in /var/www/html/customer-analysis.php on line 93
[31-Mar-2026 12:28:53 UTC] PHP Warning:  Division by zero in /var/www/html/customer-analysis.php on line 100
[31-Mar-2026 12:29:29 UTC] PHP Warning:  Invalid argument supplied for foreach() in /var/www/html/includes/menu_items.php on line 207
[31-Mar-2026 12:29:29 UTC] PHP Warning:  Division by zero in /var/www/html/customer-analysis.php on line 93
[31-Mar-2026 12:29:30 UTC] PHP Warning:  Division by zero in /var/www/html/customer-analysis.php on line 100
[31-Mar-2026 12:29:30 UTC] PHP Warning:  Division by zero in /var/www/html/customer-analysis.php on line 93
[31-Mar-2026 12:29:30 UTC] PHP Warning:  Division by zero in /var/www/html/customer-analysis.php on line 100
[31-Mar-2026 12:29:30 UTC] PHP Warning:  Division by zero in /var/www/html/customer-analysis.php on line 93
[31-Mar-2026 12:29:30 UTC] PHP Warning:  Division by zero in /var/www/html/customer-analysis.php on line 100
[31-Mar-2026 12:29:30 UTC] PHP Warning:  Division by zero in /var/www/html/customer-analysis.php on line 93
[31-Mar-2026 12:29:30 UTC] PHP Warning:  Division by zero in /var/www/html/customer-analysis.php on line 100
[31-Mar-2026 12:33:13 UTC] PHP Warning:  Invalid argument supplied for foreach() in /var/www/html/includes/menu_items.php on line 207
[31-Mar-2026 12:33:13 UTC] PHP Warning:  Division by zero in /var/www/html/customer-analysis.php on line 93
[31-Mar-2026 12:33:13 UTC] PHP Warning:  Division by zero in /var/www/html/customer-analysis.php on line 100
[31-Mar-2026 12:33:13 UTC] PHP Warning:  Division by zero in /var/www/html/customer-analysis.php on line 93
[31-Mar-2026 12:33:13 UTC] PHP Warning:  Division by zero in /var/www/html/customer-analysis.php on line 100
[31-Mar-2026 12:33:14 UTC] PHP Warning:  Division by zero in /var/www/html/customer-analysis.php on line 93
[31-Mar-2026 12:33:14 UTC] PHP Warning:  Division by zero in /var/www/html/customer-analysis.php on line 100
[31-Mar-2026 12:33:14 UTC] PHP Warning:  Division by zero in /var/www/html/customer-analysis.php on line 93
[31-Mar-2026 12:33:14 UTC] PHP Warning:  Division by zero in /var/www/html/customer-analysis.php on line 100
[31-Mar-2026 12:33:38 UTC] PHP Warning:  Division by zero in /var/www/html/customer-analysis.php on line 93
[31-Mar-2026 12:33:38 UTC] PHP Warning:  Division by zero in /var/www/html/customer-analysis.php on line 100
[31-Mar-2026 12:33:39 UTC] PHP Warning:  Division by zero in /var/www/html/customer-analysis.php on line 93
[31-Mar-2026 12:33:39 UTC] PHP Warning:  Division by zero in /var/www/html/customer-analysis.php on line 100
[31-Mar-2026 12:33:40 UTC] PHP Warning:  Division by zero in /var/www/html/customer-analysis.php on line 93
[31-Mar-2026 12:33:40 UTC] PHP Warning:  Division by zero in /var/www/html/customer-analysis.php on line 100
[31-Mar-2026 12:33:41 UTC] PHP Warning:  Division by zero in /var/www/html/customer-analysis.php on line 93
[31-Mar-2026 12:33:41 UTC] PHP Warning:  Division by zero in /var/www/html/customer-analysis.php on line 100
[31-Mar-2026 12:41:23 UTC] PHP Warning:  Invalid argument supplied for foreach() in /var/www/html/includes/menu_items.php on line 207
[31-Mar-2026 12:41:24 UTC] PHP Warning:  Division by zero in /var/www/html/customer-analysis.php on line 93
[31-Mar-2026 12:41:24 UTC] PHP Warning:  Division by zero in /var/www/html/customer-analysis.php on line 100
[31-Mar-2026 12:41:24 UTC] PHP Warning:  Division by zero in /var/www/html/customer-analysis.php on line 93
[31-Mar-2026 12:41:24 UTC] PHP Warning:  Division by zero in /var/www/html/customer-analysis.php on line 100
[31-Mar-2026 12:41:24 UTC] PHP Warning:  Division by zero in /var/www/html/customer-analysis.php on line 93
[31-Mar-2026 12:41:24 UTC] PHP Warning:  Division by zero in /var/www/html/customer-analysis.php on line 100
[31-Mar-2026 12:41:24 UTC] PHP Warning:  Division by zero in /var/www/html/customer-analysis.php on line 93
[31-Mar-2026 12:41:24 UTC] PHP Warning:  Division by zero in /var/www/html/customer-analysis.php on line 100
[31-Mar-2026 12:49:08 UTC] PHP Deprecated:  __autoload() is deprecated, use spl_autoload_register() instead in /var/www/html/wiki/includes/AutoLoader.php on line 687
[31-Mar-2026 12:49:08 UTC] PHP Deprecated:  Methods with the same name as their class will not be constructors in a future version of PHP; AuthWP has a deprecated constructor in /var/www/html/wiki/extensions/AuthWP.php on line 94
[31-Mar-2026 12:49:20 UTC] PHP Warning:  Use of undefined constant cnt - assumed 'cnt' (this will throw an Error in a future version of PHP) in /var/www/html/class/general_class.php on line 28
[31-Mar-2026 12:49:20 UTC] PHP Warning:  Use of undefined constant cnt - assumed 'cnt' (this will throw an Error in a future version of PHP) in /var/www/html/class/general_class.php on line 28
[31-Mar-2026 12:49:20 UTC] PHP Warning:  Use of undefined constant cnt - assumed 'cnt' (this will throw an Error in a future version of PHP) in /var/www/html/class/general_class.php on line 28
[31-Mar-2026 12:49:20 UTC] PHP Warning:  Use of undefined constant cnt - assumed 'cnt' (this will throw an Error in a future version of PHP) in /var/www/html/class/general_class.php on line 28
[31-Mar-2026 12:49:20 UTC] PHP Warning:  Use of undefined constant cnt - assumed 'cnt' (this will throw an Error in a future version of PHP) in /var/www/html/class/general_class.php on line 28
[31-Mar-2026 12:49:20 UTC] PHP Warning:  Use of undefined constant cnt - assumed 'cnt' (this will throw an Error in a future version of PHP) in /var/www/html/class/general_class.php on line 28
[31-Mar-2026 12:49:20 UTC] PHP Warning:  Use of undefined constant cnt - assumed 'cnt' (this will throw an Error in a future version of PHP) in /var/www/html/class/general_class.php on line 28
[31-Mar-2026 12:49:20 UTC] PHP Warning:  Use of undefined constant cnt - assumed 'cnt' (this will throw an Error in a future version of PHP) in /var/www/html/class/general_class.php on line 28
[31-Mar-2026 12:49:20 UTC] PHP Warning:  Use of undefined constant cnt - assumed 'cnt' (this will throw an Error in a future version of PHP) in /var/www/html/class/general_class.php on line 28
[31-Mar-2026 12:49:20 UTC] PHP Warning:  Use of undefined constant cnt - assumed 'cnt' (this will throw an Error in a future version of PHP) in /var/www/html/class/general_class.php on line 28
[31-Mar-2026 12:49:20 UTC] PHP Warning:  Use of undefined constant cnt - assumed 'cnt' (this will throw an Error in a future version of PHP) in /var/www/html/class/general_class.php on line 28
[31-Mar-2026 12:49:20 UTC] PHP Warning:  Use of undefined constant cnt - assumed 'cnt' (this will throw an Error in a future version of PHP) in /var/www/html/class/general_class.php on line 28
[31-Mar-2026 12:49:20 UTC] PHP Warning:  Use of undefined constant cnt - assumed 'cnt' (this will throw an Error in a future version of PHP) in /var/www/html/class/general_class.php on line 28
[31-Mar-2026 12:49:20 UTC] PHP Warning:  Use of undefined constant cnt - assumed 'cnt' (this will throw an Error in a future version of PHP) in /var/www/html/class/general_class.php on line 28
[31-Mar-2026 12:49:20 UTC] PHP Warning:  Use of undefined constant cnt - assumed 'cnt' (this will throw an Error in a future version of PHP) in /var/www/html/class/general_class.php on line 28
[31-Mar-2026 12:49:20 UTC] PHP Warning:  Use of undefined constant cnt - assumed 'cnt' (this will throw an Error in a future version of PHP) in /var/www/html/class/general_class.php on line 28
[31-Mar-2026 12:49:20 UTC] PHP Warning:  Use of undefined constant cnt - assumed 'cnt' (this will throw an Error in a future version of PHP) in /var/www/html/class/general_class.php on line 28
[31-Mar-2026 12:49:21 UTC] PHP Warning:  Use of undefined constant cnt - assumed 'cnt' (this will throw an Error in a future version of PHP) in /var/www/html/class/general_class.php on line 28
[31-Mar-2026 12:49:21 UTC] PHP Warning:  Use of undefined constant cnt - assumed 'cnt' (this will throw an Error in a future version of PHP) in /var/www/html/class/general_class.php on line 28
[31-Mar-2026 12:49:21 UTC] PHP Warning:  Use of undefined constant cnt - assumed 'cnt' (this will throw an Error in a future version of PHP) in /var/www/html/class/general_class.php on line 28
[31-Mar-2026 12:49:21 UTC] PHP Warning:  Use of undefined constant cnt - assumed 'cnt' (this will throw an Error in a future version of PHP) in /var/www/html/class/general_class.php on line 28
[31-Mar-2026 12:49:21 UTC] PHP Warning:  Use of undefined constant cnt - assumed 'cnt' (this will throw an Error in a future version of PHP) in /var/www/html/class/general_class.php on line 28
[31-Mar-2026 12:49:21 UTC] PHP Warning:  Use of undefined constant cnt - assumed 'cnt' (this will throw an Error in a future version of PHP) in /var/www/html/class/general_class.php on line 28
[31-Mar-2026 12:49:21 UTC] PHP Warning:  Use of undefined constant cnt - assumed 'cnt' (this will throw an Error in a future version of PHP) in /var/www/html/class/general_class.php on line 28
[31-Mar-2026 12:49:21 UTC] PHP Warning:  Use of undefined constant cnt - assumed 'cnt' (this will throw an Error in a future version of PHP) in /var/www/html/class/general_class.php on line 28
[31-Mar-2026 12:49:21 UTC] PHP Warning:  Use of undefined constant cnt - assumed 'cnt' (this will throw an Error in a future version of PHP) in /var/www/html/class/general_class.php on line 28
[31-Mar-2026 12:49:21 UTC] PHP Warning:  Use of undefined constant cnt - assumed 'cnt' (this will throw an Error in a future version of PHP) in /var/www/html/class/general_class.php on line 28
[31-Mar-2026 12:49:21 UTC] PHP Warning:  Use of undefined constant cnt - assumed 'cnt' (this will throw an Error in a future version of PHP) in /var/www/html/class/general_class.php on line 28
[31-Mar-2026 12:49:21 UTC] PHP Warning:  Use of undefined constant cnt - assumed 'cnt' (this will throw an Error in a future version of PHP) in /var/www/html/class/general_class.php on line 28
[31-Mar-2026 12:49:21 UTC] PHP Warning:  Use of undefined constant cnt - assumed 'cnt' (this will throw an Error in a future version of PHP) in /var/www/html/class/general_class.php on line 28
[31-Mar-2026 12:49:21 UTC] PHP Warning:  Use of undefined constant cnt - assumed 'cnt' (this will throw an Error in a future version of PHP) in /var/www/html/class/general_class.php on line 28
[31-Mar-2026 12:49:21 UTC] PHP Warning:  Use of undefined constant cnt - assumed 'cnt' (this will throw an Error in a future version of PHP) in /var/www/html/class/general_class.php on line 28
[31-Mar-2026 12:49:21 UTC] PHP Warning:  Use of undefined constant cnt - assumed 'cnt' (this will throw an Error in a future version of PHP) in /var/www/html/class/general_class.php on line 28
[31-Mar-2026 12:49:21 UTC] PHP Warning:  Use of undefined constant cnt - assumed 'cnt' (this will throw an Error in a future version of PHP) in /var/www/html/class/general_class.php on line 28
[31-Mar-2026 12:49:21 UTC] PHP Warning:  Use of undefined constant cnt - assumed 'cnt' (this will throw an Error in a future version of PHP) in /var/www/html/class/general_class.php on line 28
[31-Mar-2026 12:49:21 UTC] PHP Warning:  Use of undefined constant cnt - assumed 'cnt' (this will throw an Error in a future version of PHP) in /var/www/html/class/general_class.php on line 28
[31-Mar-2026 12:49:21 UTC] PHP Warning:  Use of undefined constant cnt - assumed 'cnt' (this will throw an Error in a future version of PHP) in /var/www/html/class/general_class.php on line 28
[31-Mar-2026 12:49:21 UTC] PHP Warning:  Use of undefined constant cnt - assumed 'cnt' (this will throw an Error in a future version of PHP) in /var/www/html/class/general_class.php on line 28
[31-Mar-2026 12:49:21 UTC] PHP Warning:  Use of undefined constant cnt - assumed 'cnt' (this will throw an Error in a future version of PHP) in /var/www/html/class/general_class.php on line 28
[31-Mar-2026 12:49:21 UTC] PHP Warning:  Use of undefined constant cnt - assumed 'cnt' (this will throw an Error in a future version of PHP) in /var/www/html/class/general_class.php on line 28
[31-Mar-2026 12:49:21 UTC] PHP Warning:  Use of undefined constant cnt - assumed 'cnt' (this will throw an Error in a future version of PHP) in /var/www/html/class/general_class.php on line 28
[31-Mar-2026 12:49:21 UTC] PHP Warning:  Use of undefined constant cnt - assumed 'cnt' (this will throw an Error in a future version of PHP) in /var/www/html/class/general_class.php on line 28
[31-Mar-2026 12:49:21 UTC] PHP Warning:  Use of undefined constant cnt - assumed 'cnt' (this will throw an Error in a future version of PHP) in /var/www/html/class/general_class.php on line 28
[31-Mar-2026 12:49:21 UTC] PHP Warning:  Use of undefined constant cnt - assumed 'cnt' (this will throw an Error in a future version of PHP) in /var/www/html/class/general_class.php on line 28
[31-Mar-2026 12:49:21 UTC] PHP Warning:  Use of undefined constant cnt - assumed 'cnt' (this will throw an Error in a future version of PHP) in /var/www/html/class/general_class.php on line 28
[31-Mar-2026 12:49:22 UTC] PHP Warning:  Use of undefined constant cnt - assumed 'cnt' (this will throw an Error in a future version of PHP) in /var/www/html/class/general_class.php on line 28
[31-Mar-2026 12:49:22 UTC] PHP Warning:  Use of undefined constant cnt - assumed 'cnt' (this will throw an Error in a future version of PHP) in /var/www/html/class/general_class.php on line 28
[31-Mar-2026 13:00:32 UTC] PHP Warning:  Invalid argument supplied for foreach() in /var/www/html/includes/menu_items.php on line 207
[31-Mar-2026 13:00:33 UTC] PHP Warning:  Division by zero in /var/www/html/customer-analysis.php on line 93
[31-Mar-2026 13:00:33 UTC] PHP Warning:  Division by zero in /var/www/html/customer-analysis.php on line 100
[31-Mar-2026 13:00:33 UTC] PHP Warning:  Division by zero in /var/www/html/customer-analysis.php on line 93
[31-Mar-2026 13:00:33 UTC] PHP Warning:  Division by zero in /var/www/html/customer-analysis.php on line 100
[31-Mar-2026 13:00:33 UTC] PHP Warning:  Division by zero in /var/www/html/customer-analysis.php on line 93
[31-Mar-2026 13:00:33 UTC] PHP Warning:  Division by zero in /var/www/html/customer-analysis.php on line 100
[31-Mar-2026 13:00:33 UTC] PHP Warning:  Division by zero in /var/www/html/customer-analysis.php on line 93
[31-Mar-2026 13:00:33 UTC] PHP Warning:  Division by zero in /var/www/html/customer-analysis.php on line 100
[31-Mar-2026 13:01:16 UTC] PHP Fatal error:  Uncaught  --> Smarty Compiler: Syntax error in template "file:/var/www/html/templates/albums.tpl"  on line 1 "{include file=header.tpl}"  - Unexpected ".", expected one of: "}" <-- 
  thrown in /var/www/html/libs/sysplugins/smarty_internal_templatecompilerbase.php on line 1
[31-Mar-2026 13:02:14 UTC] PHP Warning:  Use of undefined constant cnt - assumed 'cnt' (this will throw an Error in a future version of PHP) in /var/www/html/class/general_class.php on line 28
[31-Mar-2026 13:02:14 UTC] PHP Fatal error:  Uncaught  --> Smarty Compiler: Syntax error in template "file:/var/www/html/templates/image-gallery.tpl"  on line 1 "{include file=header.tpl}"  - Unexpected ".", expected one of: "}" <-- 
  thrown in /var/www/html/libs/sysplugins/smarty_internal_templatecompilerbase.php on line 1
[31-Mar-2026 13:03:07 UTC] PHP Fatal error:  Uncaught  --> Smarty Compiler: Syntax error in template "file:/var/www/html/templates/image-gallery.tpl"  on line 1 "{include file=header.tpl}"  - Unexpected ".", expected one of: "}" <-- 
  thrown in /var/www/html/libs/sysplugins/smarty_internal_templatecompilerbase.php on line 1
[31-Mar-2026 13:13:16 UTC] PHP Warning:  Invalid argument supplied for foreach() in /var/www/html/includes/menu_items.php on line 207
[31-Mar-2026 13:13:16 UTC] PHP Warning:  Division by zero in /var/www/html/customer-analysis.php on line 93
[31-Mar-2026 13:13:17 UTC] PHP Warning:  Division by zero in /var/www/html/customer-analysis.php on line 100
[31-Mar-2026 13:13:17 UTC] PHP Warning:  Division by zero in /var/www/html/customer-analysis.php on line 93
[31-Mar-2026 13:13:17 UTC] PHP Warning:  Division by zero in /var/www/html/customer-analysis.php on line 100
[31-Mar-2026 13:13:17 UTC] PHP Warning:  Division by zero in /var/www/html/customer-analysis.php on line 93
[31-Mar-2026 13:13:17 UTC] PHP Warning:  Division by zero in /var/www/html/customer-analysis.php on line 100
[31-Mar-2026 13:13:17 UTC] PHP Warning:  Division by zero in /var/www/html/customer-analysis.php on line 93
[31-Mar-2026 13:13:17 UTC] PHP Warning:  Division by zero in /var/www/html/customer-analysis.php on line 100
[31-Mar-2026 13:14:19 UTC] PHP Deprecated:  __autoload() is deprecated, use spl_autoload_register() instead in /var/www/html/wiki/includes/AutoLoader.php on line 687
[31-Mar-2026 13:14:19 UTC] PHP Deprecated:  Methods with the same name as their class will not be constructors in a future version of PHP; AuthWP has a deprecated constructor in /var/www/html/wiki/extensions/AuthWP.php on line 94
[31-Mar-2026 13:14:57 UTC] PHP Fatal error:  Uncaught  --> Smarty Compiler: Syntax error in template "file:/var/www/html/templates/portfolio.tpl"  on line 1 "{include file=header.tpl}"  - Unexpected ".", expected one of: "}" <-- 
  thrown in /var/www/html/libs/sysplugins/smarty_internal_templatecompilerbase.php on line 1
[31-Mar-2026 13:16:09 UTC] PHP Fatal error:  Uncaught  --> Smarty Compiler: Syntax error in template "file:/var/www/html/templates/links.tpl"  on line 1 "{include file=header.tpl}"  - Unexpected ".", expected one of: "}" <-- 
  thrown in /var/www/html/libs/sysplugins/smarty_internal_templatecompilerbase.php on line 1
[31-Mar-2026 13:16:44 UTC] PHP Fatal error:  Uncaught  --> Smarty Compiler: Syntax error in template "file:/var/www/html/templates/manage-tickets.tpl"  on line 1 "{include file=header.tpl}"  - Unexpected ".", expected one of: "}" <-- 
  thrown in /var/www/html/libs/sysplugins/smarty_internal_templatecompilerbase.php on line 1
[31-Mar-2026 13:18:05 UTC] PHP Fatal error:  Uncaught  --> Smarty Compiler: Syntax error in template "file:/var/www/html/templates/marketing-budget.tpl"  on line 1 "{include file=header.tpl}"  - Unexpected ".", expected one of: "}" <-- 
  thrown in /var/www/html/libs/sysplugins/smarty_internal_templatecompilerbase.php on line 1
[31-Mar-2026 13:18:39 UTC] PHP Fatal error:  Uncaught  --> Smarty Compiler: Syntax error in template "file:/var/www/html/templates/monitoring.tpl"  on line 1 "{include file=header.tpl}"  - Unexpected ".", expected one of: "}" <-- 
  thrown in /var/www/html/libs/sysplugins/smarty_internal_templatecompilerbase.php on line 1
[31-Mar-2026 13:19:42 UTC] PHP Fatal error:  Uncaught  --> Smarty Compiler: Syntax error in template "file:/var/www/html/templates/calendars.tpl"  on line 1 "{include file=header.tpl}"  - Unexpected ".", expected one of: "}" <-- 
  thrown in /var/www/html/libs/sysplugins/smarty_internal_templatecompilerbase.php on line 1
[31-Mar-2026 13:20:24 UTC] PHP Fatal error:  Uncaught  --> Smarty Compiler: Syntax error in template "file:/var/www/html/templates/add-cal.tpl"  on line 1 "{include file=header.tpl}"  - Unexpected ".", expected one of: "}" <-- 
  thrown in /var/www/html/libs/sysplugins/smarty_internal_templatecompilerbase.php on line 1
[31-Mar-2026 13:23:26 UTC] PHP Fatal error:  Uncaught  --> Smarty Compiler: Syntax error in template "file:/var/www/html/templates/manage-daily-data.tpl"  on line 1 "{include file=header.tpl}"  - Unexpected ".", expected one of: "}" <-- 
  thrown in /var/www/html/libs/sysplugins/smarty_internal_templatecompilerbase.php on line 1
[31-Mar-2026 13:24:04 UTC] PHP Fatal error:  Uncaught  --> Smarty Compiler: Syntax error in template "file:/var/www/html/templates/add-daily-data.tpl"  on line 1 "{include file=header.tpl}"  - Unexpected ".", expected one of: "}" <-- 
  thrown in /var/www/html/libs/sysplugins/smarty_internal_templatecompilerbase.php on line 1
[31-Mar-2026 13:31:00 UTC] PHP Fatal error:  Uncaught  --> Smarty Compiler: Syntax error in template "file:/var/www/html/templates/manage-projects.tpl"  on line 1 "{include file=header.tpl}"  - Unexpected ".", expected one of: "}" <-- 
  thrown in /var/www/html/libs/sysplugins/smarty_internal_templatecompilerbase.php on line 1
[31-Mar-2026 13:31:04 UTC] PHP Fatal error:  Uncaught  --> Smarty Compiler: Syntax error in template "file:/var/www/html/templates/manage-projects.tpl"  on line 1 "{include file=header.tpl}"  - Unexpected ".", expected one of: "}" <-- 
  thrown in /var/www/html/libs/sysplugins/smarty_internal_templatecompilerbase.php on line 1
[01-Apr-2026 04:47:24 UTC] PHP Warning:  require_once(/home/automark/public_html/customer/yousendit/sample/Authentication.php): failed to open stream: No such file or directory in /var/www/html/index.php on line 43
[01-Apr-2026 04:47:24 UTC] PHP Fatal error:  require_once(): Failed opening required '/home/automark/public_html/customer/yousendit/sample/Authentication.php' (include_path='.:/usr/local/lib/php') in /var/www/html/index.php on line 43
